Microchip MPLAB XC8 Compiler V2.45

Linker command line:

-W-3 \
  --edf=C:\Program Files\Microchip\xc8\v2.45\pic\dat\20230818022343_en.msgs \
  -cn -h+dist/default/debug\interfacing_projects.debug.sym \
  --cmf=dist/default/debug\interfacing_projects.debug.cmf -z -Q18F4620 \
  -oC:\Users\mstfy\AppData\Local\Temp\xcAsavs.\driver_tmp_3.o \
  --defsym=__MPLAB_BUILD=1 --fixupoverflow=error \
  -Mdist/default/debug/interfacing_projects.debug.map \
  --md=C:\Users\mstfy\AppData\Local\Temp\xcAsavs.\driver_tmp_0.dat -E1 \
  -ver=XC8 Compiler --acfsm=1493 -ACODE=00h-0FFFFh -ACONST=00h-0FFFFh \
  -ASMALLCONST=01000h-010FFhx240 -AMEDIUMCONST=01000h-0FFFFh \
  -ACOMRAM=01h-07Fh -AABS1=00h-0F7Fh -ABIGRAM=01h-0F7Fh \
  -ARAM=080h-0FFh,0100h-01FFhx14,0F00h-0F7Fh -ABANK0=080h-0FFh \
  -ABANK1=0100h-01FFh -ABANK2=0200h-02FFh -ABANK3=0300h-03FFh \
  -ABANK4=0400h-04FFh -ABANK5=0500h-05FFh -ABANK6=0600h-06FFh \
  -ABANK7=0700h-07FFh -ABANK8=0800h-08FFh -ABANK9=0900h-09FFh \
  -ABANK10=0A00h-0AFFh -ABANK11=0B00h-0BFFh -ABANK12=0C00h-0CFFh \
  -ABANK13=0D00h-0DFFh -ABANK14=0E00h-0EFFh -ABANK15=0F00h-0F7Fh \
  -ASFR=0F80h-0FFFh -ABIGSFR=0F80h-0FFFh -ACONFIG=0300000h-030000Dh \
  -AIDLOC=0200000h-0200007h -AEEDATA=0F00000h-0F003FFh -peeprom_data=EEDATA \
  -preset_vec=00h,intcode=08h,intcodelo,powerup,init -pramtop=01000h \
  -psmallconst=SMALLCONST -pmediumconst=MEDIUMCONST -pconst=CONST \
  -AFARRAM=00h-00h \
  -prdata=COMRAM,nvrram=COMRAM,nvbit=COMRAM,rbss=COMRAM,rbit=COMRAM \
  -pfarbss=FARRAM,fardata=FARRAM,nvFARRAM=FARRAM \
  -pintsave_regs=BIGRAM,bigbss=BIGRAM,bigdata=BIGRAM -pbss=RAM \
  -pidata=CODE,irdata=CODE,ibigdata=CODE,ifardata=CODE -prparam=COMRAM \
  C:\Users\mstfy\AppData\Local\Temp\xcAsavs.\driver_tmp_9.o \
  dist/default/debug\interfacing_projects.debug.o 

Object code version is 3.11

Machine type is 18F4620



                Name                               Link     Load   Length Selector   Space Scale
C:\Users\mstfy\AppData\Local\Temp\xcAsavs.\driver_tmp_9.o
                config                           300000   300000        E        0       4
                init                                  E        E        4        4       0
                reset_vec                             0        0        4        0       0
dist/default/debug\interfacing_projects.debug.o
                intcode                               8        8        6        4       0
                config                           300000   300000        E        0       4
                temp                                 7A       7A        1        1       1
                smallconst                         1000     1000       12      800       0
                text33                             1DDA     1DDA        4      E84       0
                text32                             1DD6     1DD6        4      E84       0
                text31                             1DD2     1DD2        4      E84       0
                text30                             1DDE     1DDE        2      E84       0
                text29                             1DCE     1DCE        4      E84       0
                text28                             1DCA     1DCA        4      E84       0
                text27                             1DC6     1DC6        4      E84       0
                text26                             1DC2     1DC2        4      E84       0
                text25                             1DBE     1DBE        4      E84       0
                text24                             1DBA     1DBA        4      E84       0
                text23                             1DB6     1DB6        4      E84       0
                text22                             1D56     1D56       1A      E84       0
                text21                             1D3C     1D3C       1A      E84       0
                text20                             1D22     1D22       1A      E84       0
                text19                             1D08     1D08       1A      E84       0
                text18                             1D98     1D98        C      E84       0
                text17                             1D8C     1D8C        C      E84       0
                text16                             1DAE     1DAE        8      E84       0
                text15                             1D80     1D80        C      E84       0
                intcode_body                       1012     1012      406      809       0
                text13                             1BB6     1BB6       56      809       0
                text12                             1A90     1A90       66      809       0
                text11                             1418     1418      2BE      809       0
                text10                             16D6     16D6      126      809       0
                text9                              17FC     17FC      110      809       0
                text8                              1B58     1B58       5E      809       0
                text7                              1A20     1A20       70      809       0
                text6                              1C0C     1C0C       44      809       0
                text5                              19AA     19AA       76      809       0
                text4                              1C8A     1C8A       3A      809       0
                text3                              1C50     1C50       3A      809       0
                text2                              190C     190C       9E      809       0
                text1                              1CC4     1CC4       24      809       0
                text0                              1D70     1D70       10      E84       0
                cstackCOMRAM                         6C       6C        E        1       1
                dataBANK0                            91       91        A       80       1
                bssBANK0                             80       80       11       80       1
                dataCOMRAM                           4D       4D       1F        1       1
                bssCOMRAM                             1        1       4C        1       1
                cinit                              1AF6     1AF6       62      809       0
                idataBANK0                         1DA4     1DA4        A      E84       0
                idataCOMRAM                        1CE8     1CE8       1F      809       0

TOTAL           Name                               Link     Load   Length     Space
        CLASS   CODE           
                intcode                               8        8        6         0
                init                                  E        E        4         0
                reset_vec                             0        0        4         0
                text33                             1DDA     1DDA        4         0
                text32                             1DD6     1DD6        4         0
                text31                             1DD2     1DD2        4         0
                text30                             1DDE     1DDE        2         0
                text29                             1DCE     1DCE        4         0
                text28                             1DCA     1DCA        4         0
                text27                             1DC6     1DC6        4         0
                text26                             1DC2     1DC2        4         0
                text25                             1DBE     1DBE        4         0
                text24                             1DBA     1DBA        4         0
                text23                             1DB6     1DB6        4         0
                text22                             1D56     1D56       1A         0
                text21                             1D3C     1D3C       1A         0
                text20                             1D22     1D22       1A         0
                text19                             1D08     1D08       1A         0
                text18                             1D98     1D98        C         0
                text17                             1D8C     1D8C        C         0
                text16                             1DAE     1DAE        8         0
                text15                             1D80     1D80        C         0
                intcode_body                       1012     1012      406         0
                text13                             1BB6     1BB6       56         0
                text12                             1A90     1A90       66         0
                text11                             1418     1418      2BE         0
                text10                             16D6     16D6      126         0
                text9                              17FC     17FC      110         0
                text8                              1B58     1B58       5E         0
                text7                              1A20     1A20       70         0
                text6                              1C0C     1C0C       44         0
                text5                              19AA     19AA       76         0
                text4                              1C8A     1C8A       3A         0
                text3                              1C50     1C50       3A         0
                text2                              190C     190C       9E         0
                text1                              1CC4     1CC4       24         0
                text0                              1D70     1D70       10         0
                cinit                              1AF6     1AF6       62         0
                idataBANK0                         1DA4     1DA4        A         0
                idataCOMRAM                        1CE8     1CE8       1F         0

        CLASS   CONST          

        CLASS   SMALLCONST     
                smallconst                         1000     1000       12         0

        CLASS   MEDIUMCONST    

        CLASS   COMRAM         
                temp                                 7A       7A        1         1
                cstackCOMRAM                         6C       6C        E         1
                dataCOMRAM                           4D       4D       1F         1
                bssCOMRAM                             1        1       4C         1

        CLASS   ABS1           

        CLASS   BIGRAM         

        CLASS   RAM            

        CLASS   BANK0          
                dataBANK0                            91       91        A         1
                bssBANK0                             80       80       11         1

        CLASS   BANK1          

        CLASS   BANK2          

        CLASS   BANK3          

        CLASS   BANK4          

        CLASS   BANK5          

        CLASS   BANK6          

        CLASS   BANK7          

        CLASS   BANK8          

        CLASS   BANK9          

        CLASS   BANK10         

        CLASS   BANK11         

        CLASS   BANK12         

        CLASS   BANK13         

        CLASS   BANK14         

        CLASS   BANK15         

        CLASS   SFR            

        CLASS   BIGSFR         

        CLASS   CONFIG         
                config                           300000   300000        E         4

        CLASS   IDLOC          

        CLASS   EEDATA         

        CLASS   FARRAM         

        CLASS   HEAP           

        CLASS   STACK          



SEGMENTS        Name                           Load    Length   Top    Selector   Space  Class

                reset_vec                      000000  000004  000004         0       0  CODE    
                bssCOMRAM                      000001  00007A  00007B         1       1  COMRAM  
                intcode                        000008  00000A  000012         4       0  CODE    
                bssBANK0                       000080  00001B  00009B        80       1  BANK0   
                smallconst                     001000  000012  001012       800       0  SMALLCON
                intcode_body                   001012  000CF5  001D07       809       0  CODE    
                text19                         001D08  0000D8  001DE0       E84       0  CODE    


UNUSED ADDRESS RANGES

        Name                Unused          Largest block    Delta
        BANK0            00009B-0000FF               65
        BANK1            000100-0001FF              100
        BANK10           000A00-000AFF              100
        BANK11           000B00-000BFF              100
        BANK12           000C00-000CFF              100
        BANK13           000D00-000DFF              100
        BANK14           000E00-000EFF              100
        BANK15           000F00-000F7F               80
        BANK2            000200-0002FF              100
        BANK3            000300-0003FF              100
        BANK4            000400-0004FF              100
        BANK5            000500-0005FF              100
        BANK6            000600-0006FF              100
        BANK7            000700-0007FF              100
        BANK8            000800-0008FF              100
        BANK9            000900-0009FF              100
        BIGRAM           00007B-00007F                5
                         00009B-000F7F              EE5
        BIGSFR           000F80-000FFF               80
        CODE             000004-000007                4
                         000012-000FFF              FEE
                         001D07-001D07                1
                         001DE0-00FFFF             E220
        COMRAM           00007B-00007F                5
        CONST            000004-000007                4
                         000012-000FFF              FEE
                         001D07-001D07                1
                         001DE0-00FFFF             E220
        EEDATA           F00000-F003FF              400
        IDLOC            200000-200007                8
        MEDIUMCONST      001D07-001D07                1
                         001DE0-00FFFF             E220
        RAM              00009B-000F7F              100
        SFR              000F80-000FFF               80
        SMALLCONST       001D07-001D07                1
                         001DE0-00FFFF              100

                                  Symbol Table

CCP_INIt@_ccp                                cstackCOMRAM 000078
MODE_configure@hal_timer1$F3585@TMR          cstackCOMRAM 00006D
OSC_configure@TMR                            cstackCOMRAM 00006D
RB4_ISR@RB4_source                           cstackCOMRAM 00006C
RB5_ISR@RB5_source                           cstackCOMRAM 00006C
RB6_ISR@RB6_source                           cstackCOMRAM 00006C
RB7_ISR@RB7_source                           cstackCOMRAM 00006C
TMR1_Init@TMR                                cstackCOMRAM 00006E
_ADCON0bits                                  (abs)        000FC2
_ADCON1bits                                  (abs)        000FC1
_ADCON2bits                                  (abs)        000FC0
_ADC_INTERRUPT_HANDLERF                      bssCOMRAM    00003B
_ADC_ISR                                     text33       001DDA
_ADRESH                                      (abs)        000FC4
_ADRESL                                      (abs)        000FC3
_BAUDCONbits                                 (abs)        000FB8
_CCP1CONbits                                 (abs)        000FBD
_CCP1_INTERRUPT_HANDLERF                     bssCOMRAM    000039
_CCP1_ISR                                    text32       001DD6
_CCP2CONbits                                 (abs)        000FBA
_CCP2_INTERRUPT_HANDLERF                     bssCOMRAM    000037
_CCP2_ISR                                    text31       001DD2
_CCPR1H                                      (abs)        000FBF
_CCPR1L                                      (abs)        000FBE
_CCPR2H                                      (abs)        000FBC
_CCPR2L                                      (abs)        000FBB
_CCP_INIt                                    text7        001A20
_EEADR                                       (abs)        000FA9
_EEADRH                                      (abs)        000FAA
_EECON1bits                                  (abs)        000FA6
_EECON2                                      (abs)        000FA7
_EEDATA                                      (abs)        000FA8
_EUSART_FRAMING_ERROR_INTERRUPT_HANDLERF     bssCOMRAM    00002F
_EUSART_OVERRUN_ERROR_INTERRUPT_HANDLERF     bssCOMRAM    00002D
_EUSART_RX_ASY_ISR                           text30       001DDE
_EUSART_RX_INTERRUPT_HANDLERF                bssCOMRAM    000031
_EUSART_TX_ASY_ISR                           text29       001DCE
_EUSART_TX_INTERRUPT_HANDLERF                bssCOMRAM    000033
_I2C_BUS_COLLISION_ISR                       text28       001DCA
_I2C_INTERRUPT_HANDLERF                      bssCOMRAM    000011
_I2C_MODULE_TR_ISR                           text27       001DC6
_I2C_Receive_Overflow_IndicatoR_HANDLERF     bssCOMRAM    000013
_I2C_Write_Collision_HANDLERF                bssCOMRAM    000015
_INT0_ISR                                    text26       001DC2
_INT0_InterruptHandeler                      bssCOMRAM    00002B
_INT1_ISR                                    text25       001DBE
_INT1_InterruptHandeler                      bssCOMRAM    000029
_INT2_ISR                                    text24       001DBA
_INT2_InterruptHandeler                      bssCOMRAM    000027
_INTCON2bits                                 (abs)        000FF1
_INTCON3bits                                 (abs)        000FF0
_INTCONbits                                  (abs)        000FF2
_InterruptManager                            intcode      000008
_LATA                                        (abs)        000F89
_LATB                                        (abs)        000F8A
_LATC                                        (abs)        000F8B
_LATD                                        (abs)        000F8C
_LATE                                        (abs)        000F8D
_MODE_configure@hal_timer1$F3585             text5        0019AA
_MSSP_SPI_INTERRUPT_HANDLERF                 bssCOMRAM    000001
_MSSP_Spi_ISR                                text23       001DB6
_OSC_configure                               text4        001C8A
_PIE1bits                                    (abs)        000F9D
_PIE2bits                                    (abs)        000FA0
_PIR1bits                                    (abs)        000F9E
_PIR2bits                                    (abs)        000FA1
_PORTA                                       (abs)        000F80
_PORTB                                       (abs)        000F81
_PORTBbits                                   (abs)        000F81
_PORTC                                       (abs)        000F82
_PORTD                                       (abs)        000F83
_PORTE                                       (abs)        000F84
_RB4_Flag                                    dataCOMRAM   00006B
_RB4_ISR                                     text22       001D56
_RB4_InterruptHandeler_High                  bssCOMRAM    000025
_RB4_InterruptHandeler_Low                   bssCOMRAM    000023
_RB5_Flag                                    dataCOMRAM   00006A
_RB5_ISR                                     text21       001D3C
_RB5_InterruptHandeler_High                  bssCOMRAM    000021
_RB5_InterruptHandeler_Low                   bssCOMRAM    00001F
_RB6_Flag                                    dataCOMRAM   000069
_RB6_ISR                                     text20       001D22
_RB6_InterruptHandeler_High                  bssCOMRAM    00001D
_RB6_InterruptHandeler_Low                   bssCOMRAM    00001B
_RB7_Flag                                    dataCOMRAM   000068
_RB7_ISR                                     text19       001D08
_RB7_InterruptHandeler_High                  bssCOMRAM    000019
_RB7_InterruptHandeler_Low                   bssCOMRAM    000017
_RCREG                                       (abs)        000FAE
_RCSTAbits                                   (abs)        000FAB
_SPBRG                                       (abs)        000FAF
_SPBRGH                                      (abs)        000FB0
_SSPADD                                      (abs)        000FC8
_SSPBUF                                      (abs)        000FC9
_SSPCON1bits                                 (abs)        000FC6
_SSPCON2bits                                 (abs)        000FC5
_SSPSTATbits                                 (abs)        000FC7
_T0CONbits                                   (abs)        000FD5
_T1CONbits                                   (abs)        000FCD
_T2CONbits                                   (abs)        000FCA
_T3CONbits                                   (abs)        000FB1
_TIMER0_INTERRUPPT                           bssCOMRAM    00000D
_TIMER1_INTERRUPPT_HANDLERF                  bssCOMRAM    000009
_TIMER3_INTERRUPT_HANDLERF                   bssCOMRAM    000005
_TMR0H                                       (abs)        000FD7
_TMR0L                                       (abs)        000FD6
_TMR0_ISR                                    text18       001D98
_TMR1H                                       (abs)        000FCF
_TMR1L                                       (abs)        000FCE
_TMR1_ISR                                    text17       001D8C
_TMR1_Init                                   text2        00190C
_TMR2                                        (abs)        000FCC
_TMR2_INTERRUPT_HANDLER                      bssCOMRAM    000007
_TMR2_ISR                                    text16       001DAE
_TMR3H                                       (abs)        000FB3
_TMR3L                                       (abs)        000FB2
_TMR3_ISR                                    text15       001D80
_TRISA                                       (abs)        000F92
_TRISB                                       (abs)        000F93
_TRISC                                       (abs)        000F94
_TRISCbits                                   (abs)        000F94
_TRISD                                       (abs)        000F95
_TRISE                                       (abs)        000F96
_TXREG                                       (abs)        000FAD
_TXSTA1bits                                  (abs)        000FAC
_TXSTAbits                                   (abs)        000FAC
__HRAM                                       (abs)        000000
__H__absolute__                              __absolute__ 000000
__Habs1                                      abs1         000000
__Hbank0                                     bank0        000000
__Hbank1                                     bank1        000000
__Hbank10                                    bank10       000000
__Hbank11                                    bank11       000000
__Hbank12                                    bank12       000000
__Hbank13                                    bank13       000000
__Hbank14                                    bank14       000000
__Hbank15                                    bank15       000000
__Hbank2                                     bank2        000000
__Hbank3                                     bank3        000000
__Hbank4                                     bank4        000000
__Hbank5                                     bank5        000000
__Hbank6                                     bank6        000000
__Hbank7                                     bank7        000000
__Hbank8                                     bank8        000000
__Hbank9                                     bank9        000000
__Hbigbss                                    bigbss       000000
__Hbigdata                                   bigdata      000000
__Hbigram                                    bigram       000000
__Hbigsfr                                    bigsfr       000000
__Hbss                                       bss          000000
__HbssBANK0                                  bssBANK0     000000
__HbssCOMRAM                                 bssCOMRAM    000000
__Hcinit                                     cinit        000000
__Hclrtext                                   clrtext      000000
__Hcomram                                    comram       000000
__Hconfig                                    config       30000E
__Hconst                                     const        000000
__HcstackCOMRAM                              cstackCOMRAM 000000
__Hdata                                      data         000000
__HdataBANK0                                 dataBANK0    000000
__HdataCOMRAM                                dataCOMRAM   000000
__Heeprom_data                               eeprom_data  000000
__Hfarbss                                    farbss       000000
__Hfardata                                   fardata      000000
__Hheap                                      heap         000000
__Hibigdata                                  ibigdata     000000
__Hidata                                     idata        000000
__HidataBANK0                                idataBANK0   000000
__HidataCOMRAM                               idataCOMRAM  000000
__Hidloc                                     idloc        000000
__Hifardata                                  ifardata     000000
__Hinit                                      init         000012
__Hintcode                                   intcode      00000E
__Hintcode_body                              intcode_body 000000
__Hintcodelo                                 intcodelo    00000E
__Hintentry                                  intentry     000000
__Hintret                                    intret       000000
__Hintsave_regs                              intsave_regs 000000
__Hirdata                                    irdata       000000
__Hmediumconst                               mediumconst  000000
__HnvFARRAM                                  nvFARRAM     000000
__Hnvbit                                     nvbit        000000
__Hnvrram                                    nvrram       000000
__Hparam                                     rparam       000000
__Hpowerup                                   powerup      00000E
__Hram                                       ram          000000
__Hramtop                                    ramtop       001000
__Hrbit                                      rbit         000000
__Hrbss                                      rbss         000000
__Hrdata                                     rdata        000000
__Hreset_vec                                 reset_vec    000004
__Hrparam                                    rparam       000000
__Hsfr                                       sfr          000000
__Hsmallconst                                smallconst   001012
__Hspace_0                                   (abs)        001DE0
__Hspace_1                                   (abs)        00009B
__Hspace_2                                   (abs)        000000
__Hspace_4                                   (abs)        60000E
__Hstack                                     stack        000000
__Hstruct                                    struct       000000
__Htemp                                      temp         00007B
__Htext                                      text         000000
__Htext0                                     text0        000000
__Htext1                                     text1        000000
__Htext10                                    text10       000000
__Htext11                                    text11       000000
__Htext12                                    text12       000000
__Htext13                                    text13       000000
__Htext15                                    text15       000000
__Htext16                                    text16       000000
__Htext17                                    text17       000000
__Htext18                                    text18       000000
__Htext19                                    text19       000000
__Htext2                                     text2        000000
__Htext20                                    text20       000000
__Htext21                                    text21       000000
__Htext22                                    text22       000000
__Htext23                                    text23       000000
__Htext24                                    text24       000000
__Htext25                                    text25       000000
__Htext26                                    text26       000000
__Htext27                                    text27       000000
__Htext28                                    text28       000000
__Htext29                                    text29       000000
__Htext3                                     text3        000000
__Htext30                                    text30       000000
__Htext31                                    text31       000000
__Htext32                                    text32       000000
__Htext33                                    text33       000000
__Htext4                                     text4        000000
__Htext5                                     text5        000000
__Htext6                                     text6        000000
__Htext7                                     text7        000000
__Htext8                                     text8        000000
__Htext9                                     text9        000000
__LRAM                                       (abs)        000001
__L__absolute__                              __absolute__ 000000
__Labs1                                      abs1         000000
__Lbank0                                     bank0        000000
__Lbank1                                     bank1        000000
__Lbank10                                    bank10       000000
__Lbank11                                    bank11       000000
__Lbank12                                    bank12       000000
__Lbank13                                    bank13       000000
__Lbank14                                    bank14       000000
__Lbank15                                    bank15       000000
__Lbank2                                     bank2        000000
__Lbank3                                     bank3        000000
__Lbank4                                     bank4        000000
__Lbank5                                     bank5        000000
__Lbank6                                     bank6        000000
__Lbank7                                     bank7        000000
__Lbank8                                     bank8        000000
__Lbank9                                     bank9        000000
__Lbigbss                                    bigbss       000000
__Lbigdata                                   bigdata      000000
__Lbigram                                    bigram       000000
__Lbigsfr                                    bigsfr       000000
__Lbss                                       bss          000000
__LbssBANK0                                  bssBANK0     000000
__LbssCOMRAM                                 bssCOMRAM    000000
__Lcinit                                     cinit        000000
__Lclrtext                                   clrtext      000000
__Lcomram                                    comram       000000
__Lconfig                                    config       000000
__Lconst                                     const        000000
__LcstackCOMRAM                              cstackCOMRAM 000000
__Ldata                                      data         000000
__LdataBANK0                                 dataBANK0    000000
__LdataCOMRAM                                dataCOMRAM   000000
__Leeprom_data                               eeprom_data  000000
__Lfarbss                                    farbss       000000
__Lfardata                                   fardata      000000
__Lheap                                      heap         000000
__Libigdata                                  ibigdata     000000
__Lidata                                     idata        000000
__LidataBANK0                                idataBANK0   000000
__LidataCOMRAM                               idataCOMRAM  000000
__Lidloc                                     idloc        000000
__Lifardata                                  ifardata     000000
__Linit                                      init         00000E
__Lintcode                                   intcode      000008
__Lintcode_body                              intcode_body 000000
__Lintcodelo                                 intcodelo    00000E
__Lintentry                                  intentry     000000
__Lintret                                    intret       000000
__Lintsave_regs                              intsave_regs 000000
__Lirdata                                    irdata       000000
__Lmediumconst                               mediumconst  000000
__LnvFARRAM                                  nvFARRAM     000000
__Lnvbit                                     nvbit        000000
__Lnvrram                                    nvrram       000000
__Lparam                                     rparam       000000
__Lpowerup                                   powerup      00000E
__Lram                                       ram          000000
__Lramtop                                    ramtop       001000
__Lrbit                                      rbit         000000
__Lrbss                                      rbss         000000
__Lrdata                                     rdata        000000
__Lreset_vec                                 reset_vec    000000
__Lrparam                                    rparam       000000
__Lsfr                                       sfr          000000
__Lsmallconst                                smallconst   001000
__Lspace_0                                   (abs)        000000
__Lspace_1                                   (abs)        000000
__Lspace_2                                   (abs)        000000
__Lspace_4                                   (abs)        000000
__Lstack                                     stack        000000
__Lstruct                                    struct       000000
__Ltemp                                      temp         00007A
__Ltext                                      text         000000
__Ltext0                                     text0        000000
__Ltext1                                     text1        000000
__Ltext10                                    text10       000000
__Ltext11                                    text11       000000
__Ltext12                                    text12       000000
__Ltext13                                    text13       000000
__Ltext15                                    text15       000000
__Ltext16                                    text16       000000
__Ltext17                                    text17       000000
__Ltext18                                    text18       000000
__Ltext19                                    text19       000000
__Ltext2                                     text2        000000
__Ltext20                                    text20       000000
__Ltext21                                    text21       000000
__Ltext22                                    text22       000000
__Ltext23                                    text23       000000
__Ltext24                                    text24       000000
__Ltext25                                    text25       000000
__Ltext26                                    text26       000000
__Ltext27                                    text27       000000
__Ltext28                                    text28       000000
__Ltext29                                    text29       000000
__Ltext3                                     text3        000000
__Ltext30                                    text30       000000
__Ltext31                                    text31       000000
__Ltext32                                    text32       000000
__Ltext33                                    text33       000000
__Ltext4                                     text4        000000
__Ltext5                                     text5        000000
__Ltext6                                     text6        000000
__Ltext7                                     text7        000000
__Ltext8                                     text8        000000
__Ltext9                                     text9        000000
__S0                                         (abs)        001DE0
__S1                                         (abs)        00009B
__S4                                         (abs)        000000
__S5                                         (abs)        000000
___heap_hi                                   (abs)        000000
___heap_lo                                   (abs)        000000
___inthi_sp                                  stack        000000
___inthi_stack_hi                            stack        000000
___inthi_stack_lo                            stack        000000
___intlo_sp                                  stack        000000
___intlo_stack_hi                            stack        000000
___intlo_stack_lo                            stack        000000
___param_bank                                (abs)        000000
___rparam_used                               (abs)        000001
___sp                                        stack        000000
___stack_hi                                  stack        000000
___stack_lo                                  stack        000000
__accesstop                                  (abs)        000080
__activetblptr                               (abs)        000003
__end_of_ADC_ISR                             text33       001DDE
__end_of_CCP1_ISR                            text32       001DDA
__end_of_CCP2_ISR                            text31       001DD6
__end_of_CCP_INIt                            text7        001A90
__end_of_EUSART_RX_ASY_ISR                   text30       001DE0
__end_of_EUSART_TX_ASY_ISR                   text29       001DD2
__end_of_I2C_BUS_COLLISION_ISR               text28       001DCE
__end_of_I2C_MODULE_TR_ISR                   text27       001DCA
__end_of_INT0_ISR                            text26       001DC6
__end_of_INT1_ISR                            text25       001DC2
__end_of_INT2_ISR                            text24       001DBE
__end_of_InterruptManager                    intcode_body 001418
__end_of_MODE_configure@hal_timer1$F3585     text5        001A20
__end_of_MSSP_Spi_ISR                        text23       001DBA
__end_of_OSC_configure                       text4        001CC4
__end_of_RB4_ISR                             text22       001D70
__end_of_RB5_ISR                             text21       001D56
__end_of_RB6_ISR                             text20       001D3C
__end_of_RB7_ISR                             text19       001D22
__end_of_TMR0_ISR                            text18       001DA4
__end_of_TMR1_ISR                            text17       001D98
__end_of_TMR1_Init                           text2        0019AA
__end_of_TMR2_ISR                            text16       001DB6
__end_of_TMR3_ISR                            text15       001D8C
__end_of__initialization                     cinit        001B4E
__end_of_ccp_init                            text6        001C50
__end_of_ccp_interrupt                       text13       001C0C
__end_of_configure_mode                      text11       0016D6
__end_of_gpio_pin_direction_intialize        text10       0017FC
__end_of_gpio_pin_intialize                  text8        001BB6
__end_of_gpio_pin_write_logic                text9        00190C
__end_of_interrupt_init1                     text1        001CE8
__end_of_keypad_values                       smallconst   00100D
__end_of_main                                text0        001D80
__end_of_register_configure@hal_timer1$F3591 text3        001C8A
__end_of_selected_timer                      text12       001AF6
__initialization                             cinit        001AF6
__mediumconst                                mediumconst  000000
__pbssBANK0                                  bssBANK0     000080
__pbssCOMRAM                                 bssCOMRAM    000001
__pcinit                                     cinit        001AF6
__pcstackCOMRAM                              cstackCOMRAM 00006C
__pdataBANK0                                 dataBANK0    000091
__pdataCOMRAM                                dataCOMRAM   00004D
__pidataBANK0                                idataBANK0   001DA4
__pidataCOMRAM                               idataCOMRAM  001CE8
__pintcode                                   intcode      000008
__pintcode_body                              intcode_body 001012
__psmallconst                                smallconst   001000
__ptext0                                     text0        001D70
__ptext1                                     text1        001CC4
__ptext10                                    text10       0016D6
__ptext11                                    text11       001418
__ptext12                                    text12       001A90
__ptext13                                    text13       001BB6
__ptext15                                    text15       001D80
__ptext16                                    text16       001DAE
__ptext17                                    text17       001D8C
__ptext18                                    text18       001D98
__ptext19                                    text19       001D08
__ptext2                                     text2        00190C
__ptext20                                    text20       001D22
__ptext21                                    text21       001D3C
__ptext22                                    text22       001D56
__ptext23                                    text23       001DB6
__ptext24                                    text24       001DBA
__ptext25                                    text25       001DBE
__ptext26                                    text26       001DC2
__ptext27                                    text27       001DC6
__ptext28                                    text28       001DCA
__ptext29                                    text29       001DCE
__ptext3                                     text3        001C50
__ptext30                                    text30       001DDE
__ptext31                                    text31       001DD2
__ptext32                                    text32       001DD6
__ptext33                                    text33       001DDA
__ptext4                                     text4        001C8A
__ptext5                                     text5        0019AA
__ptext6                                     text6        001C0C
__ptext7                                     text7        001A20
__ptext8                                     text8        001B58
__ptext9                                     text9        0017FC
__ramtop                                     ramtop       001000
__smallconst                                 smallconst   001000
_ccp_init                                    text6        001C0C
_ccp_interrupt                               text13       001BB6
_ccp_obj                                     bssBANK0     000086
_configure_mode                              text11       001418
_gpio_pin_direction_intialize                text10       0016D6
_gpio_pin_intialize                          text8        001B58
_gpio_pin_write_logic                        text9        0017FC
_int1                                        bssCOMRAM    000046
_interrupt_init1                             text1        001CC4
_keypad_values                               smallconst   001001
_lat_registers                               dataCOMRAM   00004D
_main                                        text0        001D70
_port_registers                              dataBANK0    000091
_preload_val                                 bssCOMRAM    00003E
_preload_vall                                bssCOMRAM    000003
_preload_value                               bssCOMRAM    00000F
_preload_value@hal_timer1$F3666              bssCOMRAM    00000B
_register_configure@hal_timer1$F3591         text3        001C50
_ret                                         bssCOMRAM    00003D
_selected_timer                              text12       001A90
_tris_registers                              dataCOMRAM   000057
btemp                                        temp         00007A
capture_read_value@F3164                     bssCOMRAM    000035
ccp_interrupt@_ccp                           cstackCOMRAM 00006D
configure_mode@_ccp                          cstackCOMRAM 00006F
end_of_initialization                        cinit        001B4E
gpio_pin_direction_intialize@__pin_t         cstackCOMRAM 00006D
gpio_pin_direction_intialize@ret             cstackCOMRAM 000073
gpio_pin_intialize@_pin_t                    cstackCOMRAM 000075
gpio_pin_intialize@ret                       cstackCOMRAM 000077
gpio_pin_write_logic@_pin_t                  cstackCOMRAM 00006D
gpio_pin_write_logic@logic                   cstackCOMRAM 00006E
gpio_pin_write_logic@ret                     cstackCOMRAM 000074
int$flags                                    temp         00007A
int_func                                     intcode_body 001012
intlevel0                                    text         000000
intlevel1                                    text         000000
intlevel2                                    text         000000
intlevel3                                    text         000000
isa$std                                      (abs)        000001
isa$xinst                                    (abs)        000000
led_intalize@F3054                           bssCOMRAM    000045
led_off@F3064                                bssCOMRAM    000043
led_on@F3059                                 bssCOMRAM    000044
led_toggle@F3069                             bssCOMRAM    000042
register_configure@hal_timer1$F3591@TMR      cstackCOMRAM 00006D
relay_initalize@F3052                        bssCOMRAM    000041
relay_off@F3062                              bssCOMRAM    00003F
relay_on@F3057                               bssCOMRAM    000040
selected_timer@_ccp                          cstackCOMRAM 00006D
spi_master_mode_configuration@F3131          dataCOMRAM   000067
spi_master_mode_configuration@F3133          dataCOMRAM   000066
spi_master_mode_configuration@F3135          dataCOMRAM   000065
spi_slave_mode_configuration@F3139           dataCOMRAM   000064
spi_slave_mode_configuration@F3141           dataCOMRAM   000063
spi_slave_mode_configuration@F3143           dataCOMRAM   000062
spi_slave_mode_configuration@F3145           dataCOMRAM   000061
stackhi                                      (abs)        000000
stacklo                                      (abs)        000000
start                                        init         00000E
start_initialization                         cinit        001AF6
ttemp5                                       temp         00007B
ttemp6                                       temp         00007E
ttemp7                                       temp         000082
wtemp8                                       temp         00007B


MODULE INFORMATION

Module		Function		Class		Link	Load	Size
MCAL_Layer/MSSP_SPI/hal_spi.c
		_MSSP_Spi_ISR  		CODE           	1DB6	0000	4

MCAL_Layer/MSSP_SPI/hal_spi.c estimated size: 4

MCAL_Layer/MSSP_I2C/hal_i2c.c
		_I2C_BUS_COLLISION_ISR		CODE           	1DCA	0000	4
		_I2C_MODULE_TR_ISR		CODE           	1DC6	0000	4

MCAL_Layer/MSSP_I2C/hal_i2c.c estimated size: 8

MCAL_Layer/TIMER3/hal_timer3.c
		_TMR3_ISR      		CODE           	1D80	0000	12

MCAL_Layer/TIMER3/hal_timer3.c estimated size: 12

MCAL_Layer/TIMER2/hal_timer2.c
		_TMR2_ISR      		CODE           	1DAE	0000	8

MCAL_Layer/TIMER2/hal_timer2.c estimated size: 8

MCAL_Layer/TIMER1/hal_timer1.c
		_register_configure@hal_timer1$F3591		CODE           	1C50	0000	58
		_TMR1_Init     		CODE           	190C	0000	158
		_OSC_configure 		CODE           	1C8A	0000	58
		_TMR1_ISR      		CODE           	1D8C	0000	12
		_MODE_configure@hal_timer1$F3585		CODE           	19AA	0000	118

MCAL_Layer/TIMER1/hal_timer1.c estimated size: 404

MCAL_Layer/TIMER0/hal_timer0.c
		_TMR0_ISR      		CODE           	1D98	0000	12

MCAL_Layer/TIMER0/hal_timer0.c estimated size: 12

shared
		__initialization		CODE           	1AF6	0000	88
		_keypad_values 		SMALLCONST     	1001	0000	12

shared estimated size: 100

MCAL_Layer/EUSART/hal_usart.c
		_EUSART_RX_ASY_ISR		CODE           	1DDE	0000	2
		_EUSART_TX_ASY_ISR		CODE           	1DCE	0000	4

MCAL_Layer/EUSART/hal_usart.c estimated size: 6

MCAL_Layer/Interrupt/mcal_external_interrupt.c
		_RB4_ISR       		CODE           	1D56	0000	26
		_RB5_ISR       		CODE           	1D3C	0000	26
		_RB6_ISR       		CODE           	1D22	0000	26
		_RB7_ISR       		CODE           	1D08	0000	26
		_INT0_ISR      		CODE           	1DC2	0000	4
		_INT1_ISR      		CODE           	1DBE	0000	4
		_INT2_ISR      		CODE           	1DBA	0000	4

MCAL_Layer/Interrupt/mcal_external_interrupt.c estimated size: 116

MCAL_Layer/CPP1/hal_ccp.c
		_ccp_interrupt 		CODE           	1BB6	0000	86
		_configure_mode		CODE           	1418	0000	702
		_CCP1_ISR      		CODE           	1DD6	0000	4
		_CCP_INIt      		CODE           	1A20	0000	112
		_selected_timer		CODE           	1A90	0000	102
		_CCP2_ISR      		CODE           	1DD2	0000	4

MCAL_Layer/CPP1/hal_ccp.c estimated size: 1010

MCAL_Layer/ADC/hal_adc.c
		_ADC_ISR       		CODE           	1DDA	0000	4

MCAL_Layer/ADC/hal_adc.c estimated size: 4

MCAL_Layer/Interrupt/mcal_interrupt_manager.c
		_InterruptManager		CODE           	0008	0000	1036

MCAL_Layer/Interrupt/mcal_interrupt_manager.c estimated size: 1036

MCAL_Layer/GPIO/hal_gpio.c
		_gpio_pin_write_logic		CODE           	17FC	0000	272
		_gpio_pin_intialize		CODE           	1B58	0000	94
		_gpio_pin_direction_intialize		CODE           	16D6	0000	294

MCAL_Layer/GPIO/hal_gpio.c estimated size: 660

application.c
		_main          		CODE           	1D70	0000	16
		_ccp_init      		CODE           	1C0C	0000	68
		_interrupt_init1		CODE           	1CC4	0000	36

application.c estimated size: 120

